// Jest Snapshot v1, https://goo.gl/fbAQLP

exports[`component functionality component snapshot 1`] = `
<div
  className="container p-4"
>
  <div
    className="row"
  >
    <div
      className="col-sm-4"
    />
    <div
      className="col-sm-8"
    >
      <h1
        className="text-white"
      >
        Loading
      </h1>
    </div>
  </div>
</div>
`;
