// Jest Snapshot v1, https://goo.gl/fbAQLP

exports[`test with jest snapshot should render correctly 1`] = `
<div
  data-testid="img2"
>
  <div
    className="d-flex justify-content-between"
  >
    <div>
      <div
        className="m-3 c-white"
      >
        <h1
          className="text-end"
        />
        <span
          className="text-end"
        >
          Total death: undefined
        </span>
      </div>
    </div>
  </div>
  <div
    className="d-flex justify-content-between align-items-center ps-3 c-white isBlue mt-3"
  >
    today's confirmed Cases: 
  </div>
  <div
    className="mt-1"
  >
    <div
      className="d-flex justify-content-between align-items-center ps-3 regions-class c-white"
    >
      <h5 />
      <div
        className="d-flex  align-items-center justify-content-center text-end my-3 me-2 c-white"
      >
        <span
          className="me-3"
        >
          undefined dead
        </span>
      </div>
    </div>
  </div>
</div>
`;
